sysbench 1.0.20 (using system LuaJIT 2.1.0-beta3)

Running the test with following options:
Number of threads: 4
Initializing random number generator from current time


Initializing worker threads...

DB SCHEMA public
DB SCHEMA public
DB SCHEMA public
DB SCHEMA public
Threads started!

SQL statistics:
    queries performed:
        read:                            8922
        write:                           9345
        other:                           1340
        total:                           19607
    transactions:                        645    (5.31 per sec.)
    queries:                             19607  (161.36 per sec.)
    ignored errors:                      24     (0.20 per sec.)
    reconnects:                          0      (0.00 per sec.)

General statistics:
    total time:                          121.5061s
    total number of events:              645

Latency (ms):
         min:                                   13.47
         avg:                                  748.49
         max:                                38914.21
         95th percentile:                     2082.91
         sum:                               482777.61

Threads fairness:
    events (avg/stddev):           161.2500/13.37
    execution time (avg/stddev):   120.6944/0.45

