sysbench 1.0.20 (using system LuaJIT 2.1.0-beta3)

Running the test with following options:
Number of threads: 4
Initializing random number generator from current time


Initializing worker threads...

DB SCHEMA public
DB SCHEMA public
DB SCHEMA public
DB SCHEMA public
Threads started!

SQL statistics:
    queries performed:
        read:                            8720
        write:                           9029
        other:                           1350
        total:                           19099
    transactions:                        651    (5.38 per sec.)
    queries:                             19099  (157.71 per sec.)
    ignored errors:                      23     (0.19 per sec.)
    reconnects:                          0      (0.00 per sec.)

General statistics:
    total time:                          121.0972s
    total number of events:              651

Latency (ms):
         min:                                   17.96
         avg:                                  741.94
         max:                                38407.68
         95th percentile:                     2198.52
         sum:                               483002.15

Threads fairness:
    events (avg/stddev):           162.7500/10.71
    execution time (avg/stddev):   120.7505/0.25

