sysbench 1.0.20 (using system LuaJIT 2.1.0-beta3)

Running the test with following options:
Number of threads: 4
Initializing random number generator from current time


Initializing worker threads...

DB SCHEMA public
DB SCHEMA public
DB SCHEMA public
DB SCHEMA public
Threads started!

SQL statistics:
    queries performed:
        read:                            8306
        write:                           8612
        other:                           1326
        total:                           18244
    transactions:                        635    (5.21 per sec.)
    queries:                             18244  (149.82 per sec.)
    ignored errors:                      28     (0.23 per sec.)
    reconnects:                          0      (0.00 per sec.)

General statistics:
    total time:                          121.7670s
    total number of events:              635

Latency (ms):
         min:                                   16.81
         avg:                                  761.93
         max:                                32452.60
         95th percentile:                     2320.55
         sum:                               483825.74

Threads fairness:
    events (avg/stddev):           158.7500/9.01
    execution time (avg/stddev):   120.9564/0.54

