sysbench 1.0.20 (using system LuaJIT 2.1.0-beta3)

Running the test with following options:
Number of threads: 4
Initializing random number generator from current time


Initializing worker threads...

DB SCHEMA public
DB SCHEMA public
DB SCHEMA public
DB SCHEMA public
Threads started!

SQL statistics:
    queries performed:
        read:                            10190
        write:                           10536
        other:                           1606
        total:                           22332
    transactions:                        775    (6.38 per sec.)
    queries:                             22332  (183.77 per sec.)
    ignored errors:                      29     (0.24 per sec.)
    reconnects:                          0      (0.00 per sec.)

General statistics:
    total time:                          121.5128s
    total number of events:              775

Latency (ms):
         min:                                   17.00
         avg:                                  625.13
         max:                                23177.76
         95th percentile:                     1903.57
         sum:                               484475.21

Threads fairness:
    events (avg/stddev):           193.7500/18.32
    execution time (avg/stddev):   121.1188/0.29

