sysbench 1.0.20 (using system LuaJIT 2.1.0-beta3)

Running the test with following options:
Number of threads: 4
Initializing random number generator from current time


Initializing worker threads...

DB SCHEMA public
DB SCHEMA public
DB SCHEMA public
DB SCHEMA public
Threads started!

SQL statistics:
    queries performed:
        read:                            8675
        write:                           9026
        other:                           1376
        total:                           19077
    transactions:                        666    (5.46 per sec.)
    queries:                             19077  (156.41 per sec.)
    ignored errors:                      23     (0.19 per sec.)
    reconnects:                          0      (0.00 per sec.)

General statistics:
    total time:                          121.9633s
    total number of events:              666

Latency (ms):
         min:                                   15.79
         avg:                                  726.77
         max:                                34386.56
         95th percentile:                     2493.86
         sum:                               484027.97

Threads fairness:
    events (avg/stddev):           166.5000/11.06
    execution time (avg/stddev):   121.0070/0.63

