sysbench 1.0.20 (using system LuaJIT 2.1.0-beta3)

Running the test with following options:
Number of threads: 4
Initializing random number generator from current time


Initializing worker threads...

DB SCHEMA public
DB SCHEMA public
DB SCHEMA public
DB SCHEMA public
Threads started!

SQL statistics:
    queries performed:
        read:                            12151
        write:                           12547
        other:                           1892
        total:                           26590
    transactions:                        911    (7.51 per sec.)
    queries:                             26590  (219.15 per sec.)
    ignored errors:                      35     (0.29 per sec.)
    reconnects:                          0      (0.00 per sec.)

General statistics:
    total time:                          121.3292s
    total number of events:              911

Latency (ms):
         min:                                   15.20
         avg:                                  529.68
         max:                                 3592.21
         95th percentile:                     1506.29
         sum:                               482538.43

Threads fairness:
    events (avg/stddev):           227.7500/8.35
    execution time (avg/stddev):   120.6346/0.45

