sysbench 1.0.20 (using system LuaJIT 2.1.0-beta3)

Running the test with following options:
Number of threads: 4
Initializing random number generator from current time


Initializing worker threads...

DB SCHEMA public
DB SCHEMA public
DB SCHEMA public
DB SCHEMA public
Threads started!

SQL statistics:
    queries performed:
        read:                            202
        write:                           214
        other:                           36
        total:                           452
    transactions:                        14     (0.09 per sec.)
    queries:                             452    (2.82 per sec.)
    ignored errors:                      0      (0.00 per sec.)
    reconnects:                          0      (0.00 per sec.)

General statistics:
    total time:                          160.3558s
    total number of events:              14

Latency (ms):
         min:                                   87.10
         avg:                                40406.91
         max:                               100900.43
         95th percentile:                    94741.35
         sum:                               565696.72

Threads fairness:
    events (avg/stddev):           3.5000/1.50
    execution time (avg/stddev):   141.4242/15.02

