sysbench 1.0.20 (using system LuaJIT 2.1.0-beta3)

Running the test with following options:
Number of threads: 4
Initializing random number generator from current time


Initializing worker threads...

DB SCHEMA public
DB SCHEMA publicDB SCHEMA publicDB SCHEMA public


Threads started!

SQL statistics:
    queries performed:
        read:                            82426
        write:                           85557
        other:                           12818
        total:                           180801
    transactions:                        6224   (51.82 per sec.)
    queries:                             180801 (1505.18 per sec.)
    ignored errors:                      205    (1.71 per sec.)
    reconnects:                          0      (0.00 per sec.)

General statistics:
    total time:                          120.1157s
    total number of events:              6224

Latency (ms):
         min:                                    2.38
         avg:                                   77.16
         max:                                 8166.93
         95th percentile:                      215.44
         sum:                               480259.84

Threads fairness:
    events (avg/stddev):           1556.0000/21.51
    execution time (avg/stddev):   120.0650/0.04

