sysbench 1.0.20 (using system LuaJIT 2.1.0-beta3)

Running the test with following options:
Number of threads: 4
Initializing random number generator from current time


Initializing worker threads...

DB SCHEMA public
DB SCHEMA public
DB SCHEMA public
DB SCHEMA public
Threads started!

SQL statistics:
    queries performed:
        read:                            9096
        write:                           9439
        other:                           1358
        total:                           19893
    transactions:                        650    (5.23 per sec.)
    queries:                             19893  (160.16 per sec.)
    ignored errors:                      30     (0.24 per sec.)
    reconnects:                          0      (0.00 per sec.)

General statistics:
    total time:                          124.2055s
    total number of events:              650

Latency (ms):
         min:                                   16.06
         avg:                                  748.00
         max:                                45478.78
         95th percentile:                     2198.52
         sum:                               486198.64

Threads fairness:
    events (avg/stddev):           162.5000/17.70
    execution time (avg/stddev):   121.5497/1.65

