sysbench 1.0.20 (using system LuaJIT 2.1.0-beta3)

Running the test with following options:
Number of threads: 4
Initializing random number generator from current time


Initializing worker threads...

DB SCHEMA public
DB SCHEMA publicDB SCHEMA public

DB SCHEMA public
Threads started!

SQL statistics:
    queries performed:
        read:                            2753
        write:                           2830
        other:                           476
        total:                           6059
    transactions:                        227    (1.87 per sec.)
    queries:                             6059   (49.96 per sec.)
    ignored errors:                      7      (0.06 per sec.)
    reconnects:                          0      (0.00 per sec.)

General statistics:
    total time:                          121.2657s
    total number of events:              227

Latency (ms):
         min:                                   92.49
         avg:                                 2126.54
         max:                                26918.69
         95th percentile:                     7479.98
         sum:                               482724.47

Threads fairness:
    events (avg/stddev):           56.7500/11.28
    execution time (avg/stddev):   120.6811/0.38

