sysbench 1.0.20 (using system LuaJIT 2.1.0-beta3)

Running the test with following options:
Number of threads: 4
Initializing random number generator from current time


Initializing worker threads...

DB SCHEMA public
DB SCHEMA public
DB SCHEMA public
DB SCHEMA public
Threads started!

SQL statistics:
    queries performed:
        read:                            2685
        write:                           2767
        other:                           488
        total:                           5940
    transactions:                        233    (1.92 per sec.)
    queries:                             5940   (49.01 per sec.)
    ignored errors:                      7      (0.06 per sec.)
    reconnects:                          0      (0.00 per sec.)

General statistics:
    total time:                          121.1973s
    total number of events:              233

Latency (ms):
         min:                                   77.47
         avg:                                 2070.22
         max:                                26426.81
         95th percentile:                     7086.63
         sum:                               482361.98

Threads fairness:
    events (avg/stddev):           58.2500/13.77
    execution time (avg/stddev):   120.5905/0.45

