sysbench 1.0.20 (using system LuaJIT 2.1.0-beta3)

Running the test with following options:
Number of threads: 4
Initializing random number generator from current time


Initializing worker threads...

DB SCHEMA public
DB SCHEMA public
DB SCHEMA public
DB SCHEMA public
Threads started!

SQL statistics:
    queries performed:
        read:                            2645
        write:                           2769
        other:                           420
        total:                           5834
    transactions:                        201    (1.66 per sec.)
    queries:                             5834   (48.08 per sec.)
    ignored errors:                      5      (0.04 per sec.)
    reconnects:                          0      (0.00 per sec.)

General statistics:
    total time:                          121.3396s
    total number of events:              201

Latency (ms):
         min:                                   97.38
         avg:                                 2404.25
         max:                                26627.06
         95th percentile:                     8638.96
         sum:                               483254.32

Threads fairness:
    events (avg/stddev):           50.2500/12.03
    execution time (avg/stddev):   120.8136/0.34

