sysbench 1.0.20 (using system LuaJIT 2.1.0-beta3)

Running the test with following options:
Number of threads: 4
Initializing random number generator from current time


Initializing worker threads...

DB SCHEMA public
DB SCHEMA public
DB SCHEMA public
DB SCHEMA public
Threads started!

SQL statistics:
    queries performed:
        read:                            2693
        write:                           2787
        other:                           456
        total:                           5936
    transactions:                        218    (1.80 per sec.)
    queries:                             5936   (49.04 per sec.)
    ignored errors:                      7      (0.06 per sec.)
    reconnects:                          0      (0.00 per sec.)

General statistics:
    total time:                          121.0535s
    total number of events:              218

Latency (ms):
         min:                                  102.97
         avg:                                 2216.18
         max:                                26752.27
         95th percentile:                     8038.61
         sum:                               483127.33

Threads fairness:
    events (avg/stddev):           54.5000/9.94
    execution time (avg/stddev):   120.7818/0.18

