sysbench 1.0.20 (using system LuaJIT 2.1.0-beta3)

Running the test with following options:
Number of threads: 4
Initializing random number generator from current time


Initializing worker threads...

DB SCHEMA public
DB SCHEMA public
DB SCHEMA public
DB SCHEMA public
Threads started!

SQL statistics:
    queries performed:
        read:                            2184
        write:                           2224
        other:                           386
        total:                           4794
    transactions:                        185    (1.53 per sec.)
    queries:                             4794   (39.61 per sec.)
    ignored errors:                      4      (0.03 per sec.)
    reconnects:                          0      (0.00 per sec.)

General statistics:
    total time:                          121.0365s
    total number of events:              185

Latency (ms):
         min:                                  103.48
         avg:                                 2608.79
         max:                                27451.51
         95th percentile:                     9118.47
         sum:                               482625.92

Threads fairness:
    events (avg/stddev):           46.2500/10.50
    execution time (avg/stddev):   120.6565/0.38

