sysbench 1.0.20 (using system LuaJIT 2.1.0-beta3)

Running the test with following options:
Number of threads: 4
Initializing random number generator from current time


Initializing worker threads...

DB SCHEMA public
DB SCHEMA public
DB SCHEMA public
DB SCHEMA public
Threads started!

SQL statistics:
    queries performed:
        read:                            2545
        write:                           2606
        other:                           450
        total:                           5601
    transactions:                        216    (1.78 per sec.)
    queries:                             5601   (46.27 per sec.)
    ignored errors:                      5      (0.04 per sec.)
    reconnects:                          0      (0.00 per sec.)

General statistics:
    total time:                          121.0379s
    total number of events:              216

Latency (ms):
         min:                                   77.03
         avg:                                 2228.51
         max:                                26958.23
         95th percentile:                     8333.38
         sum:                               481357.33

Threads fairness:
    events (avg/stddev):           54.0000/11.64
    execution time (avg/stddev):   120.3393/0.40

