sysbench 1.0.20 (using system LuaJIT 2.1.0-beta3)

Running the test with following options:
Number of threads: 4
Initializing random number generator from current time


Initializing worker threads...

DB SCHEMA public
DB SCHEMA public
DB SCHEMA public
DB SCHEMA public
Threads started!

SQL statistics:
    queries performed:
        read:                            7299
        write:                           7480
        other:                           1188
        total:                           15967
    transactions:                        577    (4.58 per sec.)
    queries:                             15967  (126.69 per sec.)
    ignored errors:                      18     (0.14 per sec.)
    reconnects:                          0      (0.00 per sec.)

General statistics:
    total time:                          126.0331s
    total number of events:              577

Latency (ms):
         min:                                   14.05
         avg:                                  873.12
         max:                                23883.20
         95th percentile:                     3448.53
         sum:                               503792.35

Threads fairness:
    events (avg/stddev):           144.2500/10.47
    execution time (avg/stddev):   125.9481/0.05

