sysbench 1.0.20 (using system LuaJIT 2.1.0-beta3)

Running the test with following options:
Number of threads: 4
Initializing random number generator from current time


Initializing worker threads...

DB SCHEMA public
DB SCHEMA public
DB SCHEMA public
DB SCHEMA public
Threads started!

SQL statistics:
    queries performed:
        read:                            4785
        write:                           4937
        other:                           788
        total:                           10510
    transactions:                        384    (2.97 per sec.)
    queries:                             10510  (81.40 per sec.)
    ignored errors:                      11     (0.09 per sec.)
    reconnects:                          0      (0.00 per sec.)

General statistics:
    total time:                          129.1101s
    total number of events:              384

Latency (ms):
         min:                                   21.36
         avg:                                 1315.59
         max:                                24878.76
         95th percentile:                     6960.17
         sum:                               505186.26

Threads fairness:
    events (avg/stddev):           96.0000/9.11
    execution time (avg/stddev):   126.2966/2.74

