sysbench 1.0.20 (using system LuaJIT 2.1.0-beta3)

Running the test with following options:
Number of threads: 2
Initializing random number generator from current time


Initializing worker threads...

DB SCHEMA public
DB SCHEMA public
Threads started!

SQL statistics:
    queries performed:
        read:                            2450
        write:                           2556
        other:                           384
        total:                           5390
    transactions:                        186    (1.54 per sec.)
    queries:                             5390   (44.51 per sec.)
    ignored errors:                      4      (0.03 per sec.)
    reconnects:                          0      (0.00 per sec.)

General statistics:
    total time:                          121.0850s
    total number of events:              186

Latency (ms):
         min:                                   11.40
         avg:                                 1300.98
         max:                                47732.64
         95th percentile:                     3511.19
         sum:                               241982.36

Threads fairness:
    events (avg/stddev):           93.0000/0.00
    execution time (avg/stddev):   120.9912/0.09

