sysbench 1.0.20 (using system LuaJIT 2.1.0-beta3)

Running the test with following options:
Number of threads: 4
Initializing random number generator from current time


Initializing worker threads...

DB SCHEMA public
DB SCHEMA public
DB SCHEMA public
DB SCHEMA public
Threads started!

SQL statistics:
    queries performed:
        read:                            13996
        write:                           14401
        other:                           2206
        total:                           30603
    transactions:                        1064   (8.74 per sec.)
    queries:                             30603  (251.35 per sec.)
    ignored errors:                      37     (0.30 per sec.)
    reconnects:                          0      (0.00 per sec.)

General statistics:
    total time:                          121.7494s
    total number of events:              1064

Latency (ms):
         min:                                   11.18
         avg:                                  455.93
         max:                                44758.91
         95th percentile:                     1258.08
         sum:                               485110.92

Threads fairness:
    events (avg/stddev):           266.0000/12.55
    execution time (avg/stddev):   121.2777/0.35

