sysbench 1.0.20 (using system LuaJIT 2.1.0-beta3)

Running the test with following options:
Number of threads: 4
Initializing random number generator from current time


Initializing worker threads...

DB SCHEMA public
DB SCHEMA public
DB SCHEMA public
DB SCHEMA public
Threads started!

SQL statistics:
    queries performed:
        read:                            14620
        write:                           15168
        other:                           2352
        total:                           32140
    transactions:                        1132   (9.33 per sec.)
    queries:                             32140  (265.03 per sec.)
    ignored errors:                      48     (0.40 per sec.)
    reconnects:                          0      (0.00 per sec.)

General statistics:
    total time:                          121.2628s
    total number of events:              1132

Latency (ms):
         min:                                   10.90
         avg:                                  426.94
         max:                                39385.52
         95th percentile:                     1258.08
         sum:                               483299.62

Threads fairness:
    events (avg/stddev):           283.0000/8.37
    execution time (avg/stddev):   120.8249/0.47

