sysbench 1.0.20 (using system LuaJIT 2.1.0-beta3)

Running the test with following options:
Number of threads: 4
Initializing random number generator from current time


Initializing worker threads...

DB SCHEMA public
DB SCHEMA public
DB SCHEMA public
DB SCHEMA public
Threads started!

SQL statistics:
    queries performed:
        read:                            6000
        write:                           6203
        other:                           940
        total:                           13143
    transactions:                        454    (3.77 per sec.)
    queries:                             13143  (109.12 per sec.)
    ignored errors:                      13     (0.11 per sec.)
    reconnects:                          0      (0.00 per sec.)

General statistics:
    total time:                          120.4411s
    total number of events:              454

Latency (ms):
         min:                                   25.21
         avg:                                 1059.53
         max:                                 6218.92
         95th percentile:                     3267.19
         sum:                               481024.83

Threads fairness:
    events (avg/stddev):           113.5000/8.29
    execution time (avg/stddev):   120.2562/0.16

