sysbench 1.0.20 (using system LuaJIT 2.1.0-beta3)

Running the test with following options:
Number of threads: 4
Initializing random number generator from current time


Initializing worker threads...

DB SCHEMA public
DB SCHEMA public
DB SCHEMA public
DB SCHEMA public
Threads started!

SQL statistics:
    queries performed:
        read:                            6301
        write:                           6546
        other:                           982
        total:                           13829
    transactions:                        471    (3.91 per sec.)
    queries:                             13829  (114.73 per sec.)
    ignored errors:                      18     (0.15 per sec.)
    reconnects:                          0      (0.00 per sec.)

General statistics:
    total time:                          120.5325s
    total number of events:              471

Latency (ms):
         min:                                   25.48
         avg:                                 1022.49
         max:                                 5817.13
         95th percentile:                     2539.17
         sum:                               481594.95

Threads fairness:
    events (avg/stddev):           117.7500/7.69
    execution time (avg/stddev):   120.3987/0.10

