sysbench 1.0.20 (using system LuaJIT 2.1.0-beta3)

Running the test with following options:
Number of threads: 4
Initializing random number generator from current time


Initializing worker threads...

DB SCHEMA public
DB SCHEMA public
DB SCHEMA public
DB SCHEMA public
Threads started!

SQL statistics:
    queries performed:
        read:                            6238
        write:                           6432
        other:                           970
        total:                           13640
    transactions:                        468    (3.87 per sec.)
    queries:                             13640  (112.70 per sec.)
    ignored errors:                      16     (0.13 per sec.)
    reconnects:                          0      (0.00 per sec.)

General statistics:
    total time:                          121.0317s
    total number of events:              468

Latency (ms):
         min:                                   25.18
         avg:                                 1031.63
         max:                                 5997.69
         95th percentile:                     2728.81
         sum:                               482803.81

Threads fairness:
    events (avg/stddev):           117.0000/2.83
    execution time (avg/stddev):   120.7010/0.23

