sysbench 1.0.20 (using system LuaJIT 2.1.0-beta3)

Running the test with following options:
Number of threads: 4
Initializing random number generator from current time


Initializing worker threads...

DB SCHEMA public
DB SCHEMA public
DB SCHEMA public
DB SCHEMA public
Threads started!

SQL statistics:
    queries performed:
        read:                            7078
        write:                           7270
        other:                           1124
        total:                           15472
    transactions:                        546    (4.45 per sec.)
    queries:                             15472  (126.15 per sec.)
    ignored errors:                      16     (0.13 per sec.)
    reconnects:                          0      (0.00 per sec.)

General statistics:
    total time:                          122.6414s
    total number of events:              546

Latency (ms):
         min:                                   19.20
         avg:                                  889.00
         max:                                16272.41
         95th percentile:                     4358.09
         sum:                               485396.13

Threads fairness:
    events (avg/stddev):           136.5000/9.55
    execution time (avg/stddev):   121.3490/0.87

