sysbench 1.0.20 (using system LuaJIT 2.1.0-beta3)

Running the test with following options:
Number of threads: 4
Initializing random number generator from current time


Initializing worker threads...

DB SCHEMA public
DB SCHEMA public
DB SCHEMA public
DB SCHEMA public
Threads started!

SQL statistics:
    queries performed:
        read:                            8574
        write:                           8882
        other:                           1358
        total:                           18814
    transactions:                        659    (5.43 per sec.)
    queries:                             18814  (155.15 per sec.)
    ignored errors:                      20     (0.16 per sec.)
    reconnects:                          0      (0.00 per sec.)

General statistics:
    total time:                          121.2582s
    total number of events:              659

Latency (ms):
         min:                                   13.43
         avg:                                  734.54
         max:                                19226.53
         95th percentile:                     3639.94
         sum:                               484062.20

Threads fairness:
    events (avg/stddev):           164.7500/23.57
    execution time (avg/stddev):   121.0155/0.41

