sysbench 1.0.20 (using system LuaJIT 2.1.0-beta3)

Running the test with following options:
Number of threads: 4
Initializing random number generator from current time


Initializing worker threads...

DB SCHEMA public
DB SCHEMA public
DB SCHEMA public
DB SCHEMA public
Threads started!

SQL statistics:
    queries performed:
        read:                            9894
        write:                           10182
        other:                           1564
        total:                           21640
    transactions:                        750    (6.11 per sec.)
    queries:                             21640  (176.35 per sec.)
    ignored errors:                      29     (0.24 per sec.)
    reconnects:                          0      (0.00 per sec.)

General statistics:
    total time:                          122.7116s
    total number of events:              750

Latency (ms):
         min:                                   10.69
         avg:                                  648.98
         max:                                15875.22
         95th percentile:                     2728.81
         sum:                               486734.61

Threads fairness:
    events (avg/stddev):           187.5000/14.72
    execution time (avg/stddev):   121.6837/0.85

