sysbench 1.0.20 (using system LuaJIT 2.1.0-beta3)

Running the test with following options:
Number of threads: 4
Initializing random number generator from current time


Initializing worker threads...

DB SCHEMA public
DB SCHEMA public
DB SCHEMA public
DB SCHEMA public
Threads started!

SQL statistics:
    queries performed:
        read:                            6798
        write:                           7025
        other:                           1058
        total:                           14881
    transactions:                        509    (4.23 per sec.)
    queries:                             14881  (123.53 per sec.)
    ignored errors:                      22     (0.18 per sec.)
    reconnects:                          0      (0.00 per sec.)

General statistics:
    total time:                          120.4639s
    total number of events:              509

Latency (ms):
         min:                                   18.79
         avg:                                  944.52
         max:                                15583.58
         95th percentile:                     3267.19
         sum:                               480758.41

Threads fairness:
    events (avg/stddev):           127.2500/5.40
    execution time (avg/stddev):   120.1896/0.17

