sysbench 1.0.20 (using system LuaJIT 2.1.0-beta3)

Running the test with following options:
Number of threads: 4
Initializing random number generator from current time


Initializing worker threads...

DB SCHEMA public
DB SCHEMA public
DB SCHEMA public
DB SCHEMA public
Threads started!

SQL statistics:
    queries performed:
        read:                            6997
        write:                           7259
        other:                           1110
        total:                           15366
    transactions:                        533    (4.43 per sec.)
    queries:                             15366  (127.82 per sec.)
    ignored errors:                      21     (0.17 per sec.)
    reconnects:                          0      (0.00 per sec.)

General statistics:
    total time:                          120.2154s
    total number of events:              533

Latency (ms):
         min:                                   20.02
         avg:                                  901.53
         max:                                14351.37
         95th percentile:                     3208.88
         sum:                               480517.88

Threads fairness:
    events (avg/stddev):           133.2500/7.69
    execution time (avg/stddev):   120.1295/0.07

