sysbench 1.0.20 (using system LuaJIT 2.1.0-beta3)

Running the test with following options:
Number of threads: 4
Initializing random number generator from current time


Initializing worker threads...

DB SCHEMA public
DB SCHEMA public
DB SCHEMA public
DB SCHEMA public
Threads started!

SQL statistics:
    queries performed:
        read:                            6379
        write:                           6678
        other:                           1016
        total:                           14073
    transactions:                        477    (3.96 per sec.)
    queries:                             14073  (116.72 per sec.)
    ignored errors:                      30     (0.25 per sec.)
    reconnects:                          0      (0.00 per sec.)

General statistics:
    total time:                          120.5714s
    total number of events:              477

Latency (ms):
         min:                                   21.45
         avg:                                 1010.08
         max:                                14803.47
         95th percentile:                     4203.93
         sum:                               481806.34

Threads fairness:
    events (avg/stddev):           119.2500/18.44
    execution time (avg/stddev):   120.4516/0.13

