sysbench 1.0.20 (using system LuaJIT 2.1.0-beta3)

Running the test with following options:
Number of threads: 4
Initializing random number generator from current time


Initializing worker threads...

DB SCHEMA public
DB SCHEMA public
DB SCHEMA public
DB SCHEMA public
Threads started!

SQL statistics:
    queries performed:
        read:                            6648
        write:                           6885
        other:                           1056
        total:                           14589
    transactions:                        509    (4.23 per sec.)
    queries:                             14589  (121.20 per sec.)
    ignored errors:                      18     (0.15 per sec.)
    reconnects:                          0      (0.00 per sec.)

General statistics:
    total time:                          120.3725s
    total number of events:              509

Latency (ms):
         min:                                   18.32
         avg:                                  944.33
         max:                                14654.22
         95th percentile:                     3773.42
         sum:                               480666.03

Threads fairness:
    events (avg/stddev):           127.2500/7.85
    execution time (avg/stddev):   120.1665/0.13

