sysbench 1.0.20 (using system LuaJIT 2.1.0-beta3)

Running the test with following options:
Number of threads: 4
Initializing random number generator from current time


Initializing worker threads...

DB SCHEMA public
DB SCHEMA public
DB SCHEMA public
DB SCHEMA public
Threads started!

SQL statistics:
    queries performed:
        read:                            3812
        write:                           3955
        other:                           696
        total:                           8463
    transactions:                        334    (2.76 per sec.)
    queries:                             8463   (69.93 per sec.)
    ignored errors:                      13     (0.11 per sec.)
    reconnects:                          0      (0.00 per sec.)

General statistics:
    total time:                          121.0266s
    total number of events:              334

Latency (ms):
         min:                                   32.39
         avg:                                 1442.83
         max:                                42710.23
         95th percentile:                     4055.23
         sum:                               481905.82

Threads fairness:
    events (avg/stddev):           83.5000/4.33
    execution time (avg/stddev):   120.4765/0.38

