sysbench 1.0.20 (using system LuaJIT 2.1.0-beta3)

Running the test with following options:
Number of threads: 4
Initializing random number generator from current time


Initializing worker threads...

DB SCHEMA public
DB SCHEMA public
DB SCHEMA public
DB SCHEMA public
Threads started!

SQL statistics:
    queries performed:
        read:                            10529
        write:                           10844
        other:                           1718
        total:                           23091
    transactions:                        833    (6.88 per sec.)
    queries:                             23091  (190.83 per sec.)
    ignored errors:                      28     (0.23 per sec.)
    reconnects:                          0      (0.00 per sec.)

General statistics:
    total time:                          121.0002s
    total number of events:              833

Latency (ms):
         min:                                   12.36
         avg:                                  579.54
         max:                                43876.57
         95th percentile:                     1401.61
         sum:                               482755.07

Threads fairness:
    events (avg/stddev):           208.2500/13.59
    execution time (avg/stddev):   120.6888/0.34

