sysbench 1.0.20 (using system LuaJIT 2.1.0-beta3)

Running the test with following options:
Number of threads: 4
Initializing random number generator from current time


Initializing worker threads...

DB SCHEMA public
DB SCHEMA public
DB SCHEMA public
DB SCHEMA public
Threads started!

SQL statistics:
    queries performed:
        read:                            2424
        write:                           2513
        other:                           420
        total:                           5357
    transactions:                        198    (1.63 per sec.)
    queries:                             5357   (44.03 per sec.)
    ignored errors:                      9      (0.07 per sec.)
    reconnects:                          0      (0.00 per sec.)

General statistics:
    total time:                          121.6674s
    total number of events:              198

Latency (ms):
         min:                                   19.64
         avg:                                 2445.36
         max:                                54823.40
         95th percentile:                     9799.46
         sum:                               484181.42

Threads fairness:
    events (avg/stddev):           49.5000/4.33
    execution time (avg/stddev):   121.0454/0.41

