sysbench 1.0.20 (using system LuaJIT 2.1.0-beta3)

Running the test with following options:
Number of threads: 4
Initializing random number generator from current time


Initializing worker threads...

DB SCHEMA public
DB SCHEMA public
DB SCHEMA public
DB SCHEMA public
Threads started!

SQL statistics:
    queries performed:
        read:                            3274
        write:                           3439
        other:                           526
        total:                           7239
    transactions:                        249    (2.05 per sec.)
    queries:                             7239   (59.69 per sec.)
    ignored errors:                      13     (0.11 per sec.)
    reconnects:                          0      (0.00 per sec.)

General statistics:
    total time:                          121.2679s
    total number of events:              249

Latency (ms):
         min:                                   19.63
         avg:                                 1942.04
         max:                                52225.87
         95th percentile:                     8038.61
         sum:                               483567.85

Threads fairness:
    events (avg/stddev):           62.2500/14.45
    execution time (avg/stddev):   120.8920/0.42

