sysbench 1.0.20 (using system LuaJIT 2.1.0-beta3)

Running the test with following options:
Number of threads: 4
Initializing random number generator from current time


Initializing worker threads...

DB SCHEMA public
DB SCHEMA public
DB SCHEMA public
DB SCHEMA public
Threads started!

SQL statistics:
    queries performed:
        read:                            10758
        write:                           11113
        other:                           1786
        total:                           23657
    transactions:                        861    (7.07 per sec.)
    queries:                             23657  (194.27 per sec.)
    ignored errors:                      31     (0.25 per sec.)
    reconnects:                          0      (0.00 per sec.)

General statistics:
    total time:                          121.7698s
    total number of events:              861

Latency (ms):
         min:                                   12.60
         avg:                                  561.10
         max:                                14759.70
         95th percentile:                     2198.52
         sum:                               483105.53

Threads fairness:
    events (avg/stddev):           215.2500/27.18
    execution time (avg/stddev):   120.7764/0.65

