sysbench 1.0.20 (using system LuaJIT 2.1.0-beta3)

Running the test with following options:
Number of threads: 4
Initializing random number generator from current time


Initializing worker threads...

DB SCHEMA public
DB SCHEMA public
DB SCHEMA public
DB SCHEMA public
Threads started!

SQL statistics:
    queries performed:
        read:                            9752
        write:                           10205
        other:                           1512
        total:                           21469
    transactions:                        734    (6.02 per sec.)
    queries:                             21469  (176.08 per sec.)
    ignored errors:                      21     (0.17 per sec.)
    reconnects:                          0      (0.00 per sec.)

General statistics:
    total time:                          121.9234s
    total number of events:              734

Latency (ms):
         min:                                   18.91
         avg:                                  658.95
         max:                                 4391.98
         95th percentile:                     2082.91
         sum:                               483672.64

Threads fairness:
    events (avg/stddev):           183.5000/9.71
    execution time (avg/stddev):   120.9182/0.60

