sysbench 1.0.20 (using system LuaJIT 2.1.0-beta3)

Running the test with following options:
Number of threads: 4
Initializing random number generator from current time


Initializing worker threads...

DB SCHEMA public
DB SCHEMA public
DB SCHEMA public
DB SCHEMA public
Threads started!

SQL statistics:
    queries performed:
        read:                            394
        write:                           393
        other:                           76
        total:                           863
    transactions:                        32     (0.19 per sec.)
    queries:                             863    (5.14 per sec.)
    ignored errors:                      2      (0.01 per sec.)
    reconnects:                          0      (0.00 per sec.)

General statistics:
    total time:                          167.8810s
    total number of events:              32

Latency (ms):
         min:                                   59.97
         avg:                                20975.80
         max:                               150483.84
         95th percentile:                   100000.00
         sum:                               671225.62

Threads fairness:
    events (avg/stddev):           8.0000/4.64
    execution time (avg/stddev):   167.8064/0.10

