sysbench 1.0.20 (using system LuaJIT 2.1.0-beta3)

Running the test with following options:
Number of threads: 4
Initializing random number generator from current time


Initializing worker threads...

DB SCHEMA public
DB SCHEMA public
DB SCHEMA public
DB SCHEMA public
Threads started!

SQL statistics:
    queries performed:
        read:                            352
        write:                           356
        other:                           76
        total:                           784
    transactions:                        32     (0.19 per sec.)
    queries:                             784    (4.67 per sec.)
    ignored errors:                      2      (0.01 per sec.)
    reconnects:                          0      (0.00 per sec.)

General statistics:
    total time:                          167.8821s
    total number of events:              32

Latency (ms):
         min:                                   68.52
         avg:                                20962.57
         max:                               150206.90
         95th percentile:                   100000.00
         sum:                               670802.28

Threads fairness:
    events (avg/stddev):           8.0000/5.10
    execution time (avg/stddev):   167.7006/0.21

