sysbench 1.0.20 (using system LuaJIT 2.1.0-beta3)

Running the test with following options:
Number of threads: 4
Initializing random number generator from current time


Initializing worker threads...

DB SCHEMA public
DB SCHEMA public
DB SCHEMA public
DB SCHEMA public
Threads started!

SQL statistics:
    queries performed:
        read:                            320
        write:                           319
        other:                           60
        total:                           699
    transactions:                        25     (0.15 per sec.)
    queries:                             699    (4.16 per sec.)
    ignored errors:                      1      (0.01 per sec.)
    reconnects:                          0      (0.00 per sec.)

General statistics:
    total time:                          167.8799s
    total number of events:              25

Latency (ms):
         min:                                   69.55
         avg:                                26421.63
         max:                               167486.15
         95th percentile:                   100000.00
         sum:                               660540.73

Threads fairness:
    events (avg/stddev):           6.2500/5.93
    execution time (avg/stddev):   165.1352/4.50

