sysbench 1.0.20 (using system LuaJIT 2.1.0-beta3)

Running the test with following options:
Number of threads: 4
Initializing random number generator from current time


Initializing worker threads...

DB SCHEMA public
DB SCHEMA public
DB SCHEMA public
DB SCHEMA public
Threads started!

SQL statistics:
    queries performed:
        read:                            23934
        write:                           24805
        other:                           3730
        total:                           52469
    transactions:                        1801   (15.00 per sec.)
    queries:                             52469  (436.95 per sec.)
    ignored errors:                      66     (0.55 per sec.)
    reconnects:                          0      (0.00 per sec.)

General statistics:
    total time:                          120.0777s
    total number of events:              1801

Latency (ms):
         min:                                    9.74
         avg:                                  266.65
         max:                                12688.08
         95th percentile:                      831.46
         sum:                               480237.88

Threads fairness:
    events (avg/stddev):           450.2500/9.83
    execution time (avg/stddev):   120.0595/0.02

