sysbench 1.0.20 (using system LuaJIT 2.1.0-beta3)

Running the test with following options:
Number of threads: 4
Initializing random number generator from current time


Initializing worker threads...

DB SCHEMA public
DB SCHEMA public
DB SCHEMA public
DB SCHEMA public
Threads started!

SQL statistics:
    queries performed:
        read:                            398
        write:                           405
        other:                           76
        total:                           879
    transactions:                        33     (0.22 per sec.)
    queries:                             879    (5.95 per sec.)
    ignored errors:                      1      (0.01 per sec.)
    reconnects:                          0      (0.00 per sec.)

General statistics:
    total time:                          147.6062s
    total number of events:              33

Latency (ms):
         min:                                  382.61
         avg:                                16797.58
         max:                               107895.38
         95th percentile:                    61497.34
         sum:                               554320.14

Threads fairness:
    events (avg/stddev):           8.2500/3.56
    execution time (avg/stddev):   138.5800/7.02

