sysbench 1.0.20 (using system LuaJIT 2.1.0-beta3)

Running the test with following options:
Number of threads: 4
Initializing random number generator from current time


Initializing worker threads...

DB SCHEMA publicDB SCHEMA public
DB SCHEMA public
DB SCHEMA public

Threads started!

SQL statistics:
    queries performed:
        read:                            92
        write:                           103
        other:                           20
        total:                           215
    transactions:                        6      (0.04 per sec.)
    queries:                             215    (1.48 per sec.)
    ignored errors:                      0      (0.00 per sec.)
    reconnects:                          0      (0.00 per sec.)

General statistics:
    total time:                          145.4175s
    total number of events:              6

Latency (ms):
         min:                                28265.00
         avg:                                88081.92
         max:                               132097.56
         95th percentile:                   100000.00
         sum:                               528491.50

Threads fairness:
    events (avg/stddev):           1.5000/0.87
    execution time (avg/stddev):   132.1229/8.14

