sysbench 1.0.20 (using system LuaJIT 2.1.0-beta3)

Running the test with following options:
Number of threads: 4
Initializing random number generator from current time


Initializing worker threads...

DB SCHEMA public
DB SCHEMA public
DB SCHEMA public
DB SCHEMA public
Threads started!

SQL statistics:
    queries performed:
        read:                            926
        write:                           941
        other:                           178
        total:                           2045
    transactions:                        82     (0.56 per sec.)
    queries:                             2045   (14.02 per sec.)
    ignored errors:                      3      (0.02 per sec.)
    reconnects:                          0      (0.00 per sec.)

General statistics:
    total time:                          145.8416s
    total number of events:              82

Latency (ms):
         min:                                  149.38
         avg:                                 6858.45
         max:                                66022.78
         95th percentile:                    43679.10
         sum:                               562393.21

Threads fairness:
    events (avg/stddev):           20.5000/6.02
    execution time (avg/stddev):   140.5983/5.12

