sysbench 1.0.20 (using system LuaJIT 2.1.0-beta3)

Running the test with following options:
Number of threads: 4
Initializing random number generator from current time


Initializing worker threads...

DB SCHEMA public
DB SCHEMA public
DB SCHEMA public
DB SCHEMA public
Threads started!

SQL statistics:
    queries performed:
        read:                            974
        write:                           1000
        other:                           174
        total:                           2148
    transactions:                        81     (0.42 per sec.)
    queries:                             2148   (11.11 per sec.)
    ignored errors:                      2      (0.01 per sec.)
    reconnects:                          0      (0.00 per sec.)

General statistics:
    total time:                          193.2761s
    total number of events:              81

Latency (ms):
         min:                                  125.85
         avg:                                 7811.89
         max:                               107946.59
         95th percentile:                    46103.52
         sum:                               632763.35

Threads fairness:
    events (avg/stddev):           20.2500/8.87
    execution time (avg/stddev):   158.1908/20.44

