sysbench 1.0.20 (using system LuaJIT 2.1.0-beta3)

Running the test with following options:
Number of threads: 4
Initializing random number generator from current time


Initializing worker threads...

DB SCHEMA publicDB SCHEMA public

DB SCHEMA public
DB SCHEMA public
Threads started!

SQL statistics:
    queries performed:
        read:                            187
        write:                           190
        other:                           46
        total:                           423
    transactions:                        18     (0.04 per sec.)
    queries:                             423    (0.86 per sec.)
    ignored errors:                      1      (0.00 per sec.)
    reconnects:                          0      (0.00 per sec.)

General statistics:
    total time:                          489.4195s
    total number of events:              18

Latency (ms):
         min:                                  233.93
         avg:                                56023.67
         max:                               442062.63
         95th percentile:                   100000.00
         sum:                              1008426.12

Threads fairness:
    events (avg/stddev):           4.5000/1.50
    execution time (avg/stddev):   252.1065/143.03

