sysbench 1.0.20 (using system LuaJIT 2.1.0-beta3)

Running the test with following options:
Number of threads: 4
Initializing random number generator from current time


Initializing worker threads...

DB SCHEMA public
DB SCHEMA public
DB SCHEMA public
DB SCHEMA public
Threads started!

SQL statistics:
    queries performed:
        read:                            7001
        write:                           7246
        other:                           1206
        total:                           15453
    transactions:                        574    (4.75 per sec.)
    queries:                             15453  (127.86 per sec.)
    ignored errors:                      26     (0.22 per sec.)
    reconnects:                          0      (0.00 per sec.)

General statistics:
    total time:                          120.8543s
    total number of events:              574

Latency (ms):
         min:                                   40.86
         avg:                                  838.23
         max:                                 6646.87
         95th percentile:                     2449.36
         sum:                               481145.11

Threads fairness:
    events (avg/stddev):           143.5000/3.84
    execution time (avg/stddev):   120.2863/0.33

