sysbench 1.0.20 (using system LuaJIT 2.1.0-beta3)

Running the test with following options:
Number of threads: 4
Initializing random number generator from current time


Initializing worker threads...

DB SCHEMA public
DB SCHEMA public
DB SCHEMA public
DB SCHEMA public
Threads started!

SQL statistics:
    queries performed:
        read:                            7092
        write:                           7310
        other:                           1202
        total:                           15604
    transactions:                        573    (4.75 per sec.)
    queries:                             15604  (129.46 per sec.)
    ignored errors:                      27     (0.22 per sec.)
    reconnects:                          0      (0.00 per sec.)

General statistics:
    total time:                          120.5281s
    total number of events:              573

Latency (ms):
         min:                                   17.84
         avg:                                  839.77
         max:                                19888.96
         95th percentile:                     3706.08
         sum:                               481185.94

Threads fairness:
    events (avg/stddev):           143.2500/10.62
    execution time (avg/stddev):   120.2965/0.19

