sysbench 1.0.20 (using system LuaJIT 2.1.0-beta3)

Running the test with following options:
Number of threads: 4
Initializing random number generator from current time


Initializing worker threads...

DB SCHEMA public
DB SCHEMA public
DB SCHEMA public
DB SCHEMA public
Threads started!

SQL statistics:
    queries performed:
        read:                            8779
        write:                           9127
        other:                           1430
        total:                           19336
    transactions:                        690    (5.69 per sec.)
    queries:                             19336  (159.48 per sec.)
    ignored errors:                      25     (0.21 per sec.)
    reconnects:                          0      (0.00 per sec.)

General statistics:
    total time:                          121.2396s
    total number of events:              690

Latency (ms):
         min:                                   10.52
         avg:                                  700.64
         max:                                13508.27
         95th percentile:                     2585.31
         sum:                               483444.21

Threads fairness:
    events (avg/stddev):           172.5000/13.12
    execution time (avg/stddev):   120.8611/0.44

