sysbench 1.0.20 (using system LuaJIT 2.1.0-beta3)

Running the test with following options:
Number of threads: 4
Initializing random number generator from current time


Initializing worker threads...

DB SCHEMA public
DB SCHEMA public
DB SCHEMA public
DB SCHEMA public
Threads started!

SQL statistics:
    queries performed:
        read:                            7959
        write:                           8166
        other:                           1320
        total:                           17445
    transactions:                        637    (5.26 per sec.)
    queries:                             17445  (144.11 per sec.)
    ignored errors:                      21     (0.17 per sec.)
    reconnects:                          0      (0.00 per sec.)

General statistics:
    total time:                          121.0429s
    total number of events:              637

Latency (ms):
         min:                                   15.44
         avg:                                  758.51
         max:                                17136.76
         95th percentile:                     2632.28
         sum:                               483171.25

Threads fairness:
    events (avg/stddev):           159.2500/14.25
    execution time (avg/stddev):   120.7928/0.40

