sysbench 1.0.20 (using system LuaJIT 2.1.0-beta3)

Running the test with following options:
Number of threads: 4
Initializing random number generator from current time


Initializing worker threads...

DB SCHEMA public
DB SCHEMA public
DB SCHEMA public
DB SCHEMA public
Threads started!

SQL statistics:
    queries performed:
        read:                            7451
        write:                           7681
        other:                           1198
        total:                           16330
    transactions:                        576    (4.76 per sec.)
    queries:                             16330  (134.90 per sec.)
    ignored errors:                      21     (0.17 per sec.)
    reconnects:                          0      (0.00 per sec.)

General statistics:
    total time:                          121.0451s
    total number of events:              576

Latency (ms):
         min:                                   14.69
         avg:                                  839.62
         max:                                16325.23
         95th percentile:                     3511.19
         sum:                               483621.76

Threads fairness:
    events (avg/stddev):           144.0000/4.12
    execution time (avg/stddev):   120.9054/0.08

